Analysis & Synthesis report for genius
Mon Jul 01 21:06:29 2024
Quartus II 64-Bit Version 13.0.1 Build 232 06/12/2013 Service Pack 1 SJ Web Edition


---------------------
; Table of Contents ;
---------------------
  1. Legal Notice
  2. Analysis & Synthesis Summary
  3. Analysis & Synthesis Settings
  4. Parallel Compilation
  5. Analysis & Synthesis Source Files Read
  6. Analysis & Synthesis Resource Usage Summary
  7. Analysis & Synthesis Resource Utilization by Entity
  8. State Machine - |top|controle:U01|state
  9. Registers Removed During Synthesis
 10. Removed Registers Triggering Further Register Optimizations
 11. General Register Statistics
 12. Parameter Settings for User Entity Instance: datapath:u00
 13. Parameter Settings for User Entity Instance: datapath:u00|Counter_time:U02
 14. Parameter Settings for User Entity Instance: datapath:u00|Counter_round:U01
 15. Parameter Settings for User Entity Instance: datapath:u00|Counter_FPGA:U03
 16. Parameter Settings for User Entity Instance: datapath:u00|REG_User:R01
 17. Parameter Settings for User Entity Instance: datapath:u00|REG_FPGA:R02
 18. Parameter Settings for User Entity Instance: datapath:u00|REG_setup:R03
 19. Port Connectivity Checks: "datapath:u00|REG_FPGA:R02"
 20. Port Connectivity Checks: "datapath:u00|REG_User:R01"
 21. Port Connectivity Checks: "datapath:u00|mux4x1_4bits:M02"
 22. Port Connectivity Checks: "datapath:u00|Counter_FPGA:U03"
 23. Port Connectivity Checks: "datapath:u00|Counter_round:U01"
 24. Port Connectivity Checks: "datapath:u00|Counter_time:U02"
 25. Port Connectivity Checks: "datapath:u00|mux2x1:Uhex00"
 26. Port Connectivity Checks: "datapath:u00|mux2x1:Uhex01"
 27. Port Connectivity Checks: "datapath:u00|mux2x1:Uhex02_1"
 28. Port Connectivity Checks: "datapath:u00|dec7seg:hex2_D2"
 29. Port Connectivity Checks: "datapath:u00|mux2x1:Uhex02"
 30. Port Connectivity Checks: "datapath:u00|mux2x1:Uhex03_1"
 31. Port Connectivity Checks: "datapath:u00|mux2x1:Uhex03"
 32. Port Connectivity Checks: "datapath:u00|mux2x1:Uhex04_1"
 33. Port Connectivity Checks: "datapath:u00|dec7seg:hex4_D4"
 34. Port Connectivity Checks: "datapath:u00|mux2x1:Uhex04"
 35. Port Connectivity Checks: "datapath:u00|mux2x1:Uhex05_1"
 36. Port Connectivity Checks: "datapath:u00|mux2x1:Uhex05"
 37. Port Connectivity Checks: "datapath:u00"
 38. Elapsed Time Per Partition
 39. Analysis & Synthesis Messages
 40. Analysis & Synthesis Suppressed Messages



----------------
; Legal Notice ;
----------------
Copyright (C) 1991-2013 Altera Corporation
Your use of Altera Corporation's design tools, logic functions 
and other software and tools, and its AMPP partner logic 
functions, and any output files from any of the foregoing 
(including device programming or simulation files), and any 
associated documentation or information are expressly subject 
to the terms and conditions of the Altera Program License 
Subscription Agreement, Altera MegaCore Function License 
Agreement, or other applicable license agreement, including, 
without limitation, that your use is for the sole purpose of 
programming logic devices manufactured by Altera and sold by 
Altera or its authorized distributors.  Please refer to the 
applicable agreement for further details.



+--------------------------------------------------------------------------------------+
; Analysis & Synthesis Summary                                                         ;
+------------------------------------+-------------------------------------------------+
; Analysis & Synthesis Status        ; Successful - Mon Jul 01 21:06:29 2024           ;
; Quartus II 64-Bit Version          ; 13.0.1 Build 232 06/12/2013 SP 1 SJ Web Edition ;
; Revision Name                      ; genius                                          ;
; Top-level Entity Name              ; top                                             ;
; Family                             ; Cyclone III                                     ;
; Total logic elements               ; 5                                               ;
;     Total combinational functions  ; 3                                               ;
;     Dedicated logic registers      ; 4                                               ;
; Total registers                    ; 4                                               ;
; Total pins                         ; 67                                              ;
; Total virtual pins                 ; 0                                               ;
; Total memory bits                  ; 0                                               ;
; Embedded Multiplier 9-bit elements ; 0                                               ;
; Total PLLs                         ; 0                                               ;
+------------------------------------+-------------------------------------------------+


+----------------------------------------------------------------------------------------------------------------------+
; Analysis & Synthesis Settings                                                                                        ;
+----------------------------------------------------------------------------+--------------------+--------------------+
; Option                                                                     ; Setting            ; Default Value      ;
+----------------------------------------------------------------------------+--------------------+--------------------+
; Device                                                                     ; EP3C16F484C6       ;                    ;
; Top-level entity name                                                      ; top                ; genius             ;
; Family name                                                                ; Cyclone III        ; Cyclone IV GX      ;
; Use smart compilation                                                      ; Off                ; Off                ;
; Enable parallel Assembler and TimeQuest Timing Analyzer during compilation ; On                 ; On                 ;
; Enable compact report table                                                ; Off                ; Off                ;
; Restructure Multiplexers                                                   ; Auto               ; Auto               ;
; Create Debugging Nodes for IP Cores                                        ; Off                ; Off                ;
; Preserve fewer node names                                                  ; On                 ; On                 ;
; Disable OpenCore Plus hardware evaluation                                  ; Off                ; Off                ;
; Verilog Version                                                            ; Verilog_2001       ; Verilog_2001       ;
; VHDL Version                                                               ; VHDL_1993          ; VHDL_1993          ;
; State Machine Processing                                                   ; Auto               ; Auto               ;
; Safe State Machine                                                         ; Off                ; Off                ;
; Extract Verilog State Machines                                             ; On                 ; On                 ;
; Extract VHDL State Machines                                                ; On                 ; On                 ;
; Ignore Verilog initial constructs                                          ; Off                ; Off                ;
; Iteration limit for constant Verilog loops                                 ; 5000               ; 5000               ;
; Iteration limit for non-constant Verilog loops                             ; 250                ; 250                ;
; Add Pass-Through Logic to Inferred RAMs                                    ; On                 ; On                 ;
; Infer RAMs from Raw Logic                                                  ; On                 ; On                 ;
; Parallel Synthesis                                                         ; On                 ; On                 ;
; DSP Block Balancing                                                        ; Auto               ; Auto               ;
; NOT Gate Push-Back                                                         ; On                 ; On                 ;
; Power-Up Don't Care                                                        ; On                 ; On                 ;
; Remove Redundant Logic Cells                                               ; Off                ; Off                ;
; Remove Duplicate Registers                                                 ; On                 ; On                 ;
; Ignore CARRY Buffers                                                       ; Off                ; Off                ;
; Ignore CASCADE Buffers                                                     ; Off                ; Off                ;
; Ignore GLOBAL Buffers                                                      ; Off                ; Off                ;
; Ignore ROW GLOBAL Buffers                                                  ; Off                ; Off                ;
; Ignore LCELL Buffers                                                       ; Off                ; Off                ;
; Ignore SOFT Buffers                                                        ; On                 ; On                 ;
; Limit AHDL Integers to 32 Bits                                             ; Off                ; Off                ;
; Optimization Technique                                                     ; Balanced           ; Balanced           ;
; Carry Chain Length                                                         ; 70                 ; 70                 ;
; Auto Carry Chains                                                          ; On                 ; On                 ;
; Auto Open-Drain Pins                                                       ; On                 ; On                 ;
; Perform WYSIWYG Primitive Resynthesis                                      ; Off                ; Off                ;
; Auto ROM Replacement                                                       ; On                 ; On                 ;
; Auto RAM Replacement                                                       ; On                 ; On                 ;
; Auto DSP Block Replacement                                                 ; On                 ; On                 ;
; Auto Shift Register Replacement                                            ; Auto               ; Auto               ;
; Allow Shift Register Merging across Hierarchies                            ; Auto               ; Auto               ;
; Auto Clock Enable Replacement                                              ; On                 ; On                 ;
; Strict RAM Replacement                                                     ; Off                ; Off                ;
; Allow Synchronous Control Signals                                          ; On                 ; On                 ;
; Force Use of Synchronous Clear Signals                                     ; Off                ; Off                ;
; Auto RAM Block Balancing                                                   ; On                 ; On                 ;
; Auto RAM to Logic Cell Conversion                                          ; Off                ; Off                ;
; Auto Resource Sharing                                                      ; Off                ; Off                ;
; Allow Any RAM Size For Recognition                                         ; Off                ; Off                ;
; Allow Any ROM Size For Recognition                                         ; Off                ; Off                ;
; Allow Any Shift Register Size For Recognition                              ; Off                ; Off                ;
; Use LogicLock Constraints during Resource Balancing                        ; On                 ; On                 ;
; Ignore translate_off and synthesis_off directives                          ; Off                ; Off                ;
; Timing-Driven Synthesis                                                    ; On                 ; On                 ;
; Report Parameter Settings                                                  ; On                 ; On                 ;
; Report Source Assignments                                                  ; On                 ; On                 ;
; Report Connectivity Checks                                                 ; On                 ; On                 ;
; Ignore Maximum Fan-Out Assignments                                         ; Off                ; Off                ;
; Synchronization Register Chain Length                                      ; 2                  ; 2                  ;
; PowerPlay Power Optimization                                               ; Normal compilation ; Normal compilation ;
; HDL message level                                                          ; Level2             ; Level2             ;
; Suppress Register Optimization Related Messages                            ; Off                ; Off                ;
; Number of Removed Registers Reported in Synthesis Report                   ; 5000               ; 5000               ;
; Number of Swept Nodes Reported in Synthesis Report                         ; 5000               ; 5000               ;
; Number of Inverted Registers Reported in Synthesis Report                  ; 100                ; 100                ;
; Clock MUX Protection                                                       ; On                 ; On                 ;
; Auto Gated Clock Conversion                                                ; Off                ; Off                ;
; Block Design Naming                                                        ; Auto               ; Auto               ;
; SDC constraint protection                                                  ; Off                ; Off                ;
; Synthesis Effort                                                           ; Auto               ; Auto               ;
; Shift Register Replacement - Allow Asynchronous Clear Signal               ; On                 ; On                 ;
; Pre-Mapping Resynthesis Optimization                                       ; Off                ; Off                ;
; Analysis & Synthesis Message Level                                         ; Medium             ; Medium             ;
; Disable Register Merging Across Hierarchies                                ; Auto               ; Auto               ;
; Resource Aware Inference For Block RAM                                     ; On                 ; On                 ;
; Synthesis Seed                                                             ; 1                  ; 1                  ;
+----------------------------------------------------------------------------+--------------------+--------------------+


Parallel compilation was disabled, but you have multiple processors available. Enable parallel compilation to reduce compilation time.
+-------------------------------------+
; Parallel Compilation                ;
+----------------------------+--------+
; Processors                 ; Number ;
+----------------------------+--------+
; Number detected on machine ; 12     ;
; Maximum allowed            ; 1      ;
+----------------------------+--------+


+----------------------------------------------------------------------------------------------------------------------------------+
; Analysis & Synthesis Source Files Read                                                                                           ;
+----------------------------------+-----------------+------------------------+------------------------------------------+---------+
; File Name with User-Entered Path ; Used in Netlist ; File Type              ; File Name with Absolute Path             ; Library ;
+----------------------------------+-----------------+------------------------+------------------------------------------+---------+
; ../src/top.v                     ; yes             ; User Verilog HDL File  ; C:/GitHub/HDLGenius/src/top.v            ;         ;
; ../src/REG_User.v                ; yes             ; User Verilog HDL File  ; C:/GitHub/HDLGenius/src/REG_User.v       ;         ;
; ../src/REG_FPGA.v                ; yes             ; User Verilog HDL File  ; C:/GitHub/HDLGenius/src/REG_FPGA.v       ;         ;
; ../src/REG_setup.v               ; yes             ; User Verilog HDL File  ; C:/GitHub/HDLGenius/src/REG_setup.v      ;         ;
; ../src/datapath.v                ; yes             ; User Verilog HDL File  ; C:/GitHub/HDLGenius/src/datapath.v       ;         ;
; ../src/controle.v                ; yes             ; User Verilog HDL File  ; C:/GitHub/HDLGenius/src/controle.v       ;         ;
; ../src/mux2x1.v                  ; yes             ; User Verilog HDL File  ; C:/GitHub/HDLGenius/src/mux2x1.v         ;         ;
; ../src/Counter_time.v            ; yes             ; User Verilog HDL File  ; C:/GitHub/HDLGenius/src/Counter_time.v   ;         ;
; ../src/FSM_clock.v               ; yes             ; User Verilog HDL File  ; C:/GitHub/HDLGenius/src/FSM_clock.v      ;         ;
; ../src/dec7seg.v                 ; yes             ; User Verilog HDL File  ; C:/GitHub/HDLGenius/src/dec7seg.v        ;         ;
; ../src/Counter__round.v          ; yes             ; User Verilog HDL File  ; C:/GitHub/HDLGenius/src/Counter__round.v ;         ;
; ../src/Counter_FPGA.v            ; yes             ; User Verilog HDL File  ; C:/GitHub/HDLGenius/src/Counter_FPGA.v   ;         ;
; ../src/mux4x1_1bit.v             ; yes             ; User Verilog HDL File  ; C:/GitHub/HDLGenius/src/mux4x1_1bit.v    ;         ;
; ../src/mux4x1_4bits.v            ; yes             ; User Verilog HDL File  ; C:/GitHub/HDLGenius/src/mux4x1_4bits.v   ;         ;
+----------------------------------+-----------------+------------------------+------------------------------------------+---------+


+--------------------------------------------------------------+
; Analysis & Synthesis Resource Usage Summary                  ;
+---------------------------------------------+----------------+
; Resource                                    ; Usage          ;
+---------------------------------------------+----------------+
; Estimated Total logic elements              ; 5              ;
;                                             ;                ;
; Total combinational functions               ; 3              ;
; Logic element usage by number of LUT inputs ;                ;
;     -- 4 input functions                    ; 1              ;
;     -- 3 input functions                    ; 0              ;
;     -- <=2 input functions                  ; 2              ;
;                                             ;                ;
; Logic elements by mode                      ;                ;
;     -- normal mode                          ; 3              ;
;     -- arithmetic mode                      ; 0              ;
;                                             ;                ;
; Total registers                             ; 4              ;
;     -- Dedicated logic registers            ; 4              ;
;     -- I/O registers                        ; 0              ;
;                                             ;                ;
; I/O pins                                    ; 67             ;
; Embedded Multiplier 9-bit elements          ; 0              ;
; Maximum fan-out node                        ; CLOCK_50~input ;
; Maximum fan-out                             ; 4              ;
; Total fan-out                               ; 87             ;
; Average fan-out                             ; 0.62           ;
+---------------------------------------------+----------------+


+-------------------------------------------------------------------------------------------------------------------------------------------------------------------------------------------+
; Analysis & Synthesis Resource Utilization by Entity                                                                                                                                       ;
+----------------------------+-------------------+--------------+-------------+--------------+---------+-----------+------+--------------+-----------------------------------+--------------+
; Compilation Hierarchy Node ; LC Combinationals ; LC Registers ; Memory Bits ; DSP Elements ; DSP 9x9 ; DSP 18x18 ; Pins ; Virtual Pins ; Full Hierarchy Name               ; Library Name ;
+----------------------------+-------------------+--------------+-------------+--------------+---------+-----------+------+--------------+-----------------------------------+--------------+
; |top                       ; 3 (0)             ; 4 (0)        ; 0           ; 0            ; 0       ; 0         ; 67   ; 0            ; |top                              ; work         ;
;    |controle:U01|          ; 2 (2)             ; 2 (2)        ; 0           ; 0            ; 0       ; 0         ; 0    ; 0            ; |top|controle:U01                 ; work         ;
;    |datapath:u00|          ; 1 (0)             ; 2 (0)        ; 0           ; 0            ; 0       ; 0         ; 0    ; 0            ; |top|datapath:u00                 ; work         ;
;       |REG_setup:R03|      ; 0 (0)             ; 2 (2)        ; 0           ; 0            ; 0       ; 0         ; 0    ; 0            ; |top|datapath:u00|REG_setup:R03   ; work         ;
;       |dec7seg:hex4_D4|    ; 1 (1)             ; 0 (0)        ; 0           ; 0            ; 0       ; 0         ; 0    ; 0            ; |top|datapath:u00|dec7seg:hex4_D4 ; work         ;
+----------------------------+-------------------+--------------+-------------+--------------+---------+-----------+------+--------------+-----------------------------------+--------------+
Note: For table entries with two numbers listed, the numbers in parentheses indicate the number of resources of the given type used by the specific entity alone. The numbers listed outside of parentheses indicate the total resources of the given type used by the specific entity and all of its sub-entities in the hierarchy.


Encoding Type:  One-Hot
+---------------------------------------------------------------------------------------------------------------------------------+
; State Machine - |top|controle:U01|state                                                                                         ;
+------------------+--------------+------------------+-------------+-----------------+-----------------+-------------+------------+
; Name             ; state.Result ; state.Next_Round ; state.Check ; state.Play_User ; state.Play_FPGA ; state.Setup ; state.Init ;
+------------------+--------------+------------------+-------------+-----------------+-----------------+-------------+------------+
; state.Init       ; 0            ; 0                ; 0           ; 0               ; 0               ; 0           ; 0          ;
; state.Setup      ; 0            ; 0                ; 0           ; 0               ; 0               ; 1           ; 1          ;
; state.Play_FPGA  ; 0            ; 0                ; 0           ; 0               ; 1               ; 0           ; 1          ;
; state.Play_User  ; 0            ; 0                ; 0           ; 1               ; 0               ; 0           ; 1          ;
; state.Check      ; 0            ; 0                ; 1           ; 0               ; 0               ; 0           ; 1          ;
; state.Next_Round ; 0            ; 1                ; 0           ; 0               ; 0               ; 0           ; 1          ;
; state.Result     ; 1            ; 0                ; 0           ; 0               ; 0               ; 0           ; 1          ;
+------------------+--------------+------------------+-------------+-----------------+-----------------+-------------+------------+


+--------------------------------------------------------------------------------+
; Registers Removed During Synthesis                                             ;
+---------------------------------------+----------------------------------------+
; Register name                         ; Reason for Removal                     ;
+---------------------------------------+----------------------------------------+
; controle:U01|state.Check              ; Lost fanout                            ;
; controle:U01|state.Next_Round         ; Lost fanout                            ;
; controle:U01|state~2                  ; Lost fanout                            ;
; controle:U01|state~3                  ; Lost fanout                            ;
; controle:U01|state~4                  ; Lost fanout                            ;
; controle:U01|state.Play_FPGA          ; Lost fanout                            ;
; controle:U01|state.Play_User          ; Lost fanout                            ;
; controle:U01|state.Result             ; Stuck at GND due to stuck port data_in ;
; Total Number of Removed Registers = 8 ;                                        ;
+---------------------------------------+----------------------------------------+


+------------------------------------------------------------------------------------+
; Removed Registers Triggering Further Register Optimizations                        ;
+----------------------+--------------------+----------------------------------------+
; Register name        ; Reason for Removal ; Registers Removed due to This Register ;
+----------------------+--------------------+----------------------------------------+
; controle:U01|state~2 ; Lost Fanouts       ; controle:U01|state.Play_User           ;
; controle:U01|state~3 ; Lost Fanouts       ; controle:U01|state.Play_FPGA           ;
+----------------------+--------------------+----------------------------------------+


+------------------------------------------------------+
; General Register Statistics                          ;
+----------------------------------------------+-------+
; Statistic                                    ; Value ;
+----------------------------------------------+-------+
; Total registers                              ; 4     ;
; Number of registers using Synchronous Clear  ; 0     ;
; Number of registers using Synchronous Load   ; 0     ;
; Number of registers using Asynchronous Clear ; 2     ;
; Number of registers using Asynchronous Load  ; 0     ;
; Number of registers using Clock Enable       ; 2     ;
; Number of registers using Preset             ; 0     ;
+----------------------------------------------+-------+


+-----------------------------------------------------------+
; Parameter Settings for User Entity Instance: datapath:u00 ;
+-----------------+-------+---------------------------------+
; Parameter Name  ; Value ; Type                            ;
+-----------------+-------+---------------------------------+
; p_key           ; 4     ; Signed Integer                  ;
; p_counter_tempo ; 4     ; Signed Integer                  ;
; p_switch        ; 8     ; Signed Integer                  ;
; p_hex           ; 7     ; Signed Integer                  ;
; p_led           ; 4     ; Signed Integer                  ;
+-----------------+-------+---------------------------------+
Note: In order to hide this table in the UI and the text report file, please set the "Show Parameter Settings in Synthesis Report" option in "Analysis and Synthesis Settings -> More Settings" to "Off".


+----------------------------------------------------------------------------+
; Parameter Settings for User Entity Instance: datapath:u00|Counter_time:U02 ;
+----------------+-------+---------------------------------------------------+
; Parameter Name ; Value ; Type                                              ;
+----------------+-------+---------------------------------------------------+
; SIZE           ; 4     ; Signed Integer                                    ;
+----------------+-------+---------------------------------------------------+
Note: In order to hide this table in the UI and the text report file, please set the "Show Parameter Settings in Synthesis Report" option in "Analysis and Synthesis Settings -> More Settings" to "Off".


+-----------------------------------------------------------------------------+
; Parameter Settings for User Entity Instance: datapath:u00|Counter_round:U01 ;
+----------------+-------+----------------------------------------------------+
; Parameter Name ; Value ; Type                                               ;
+----------------+-------+----------------------------------------------------+
; SIZE           ; 4     ; Signed Integer                                     ;
+----------------+-------+----------------------------------------------------+
Note: In order to hide this table in the UI and the text report file, please set the "Show Parameter Settings in Synthesis Report" option in "Analysis and Synthesis Settings -> More Settings" to "Off".


+----------------------------------------------------------------------------+
; Parameter Settings for User Entity Instance: datapath:u00|Counter_FPGA:U03 ;
+----------------+-------+---------------------------------------------------+
; Parameter Name ; Value ; Type                                              ;
+----------------+-------+---------------------------------------------------+
; SIZE           ; 4     ; Signed Integer                                    ;
+----------------+-------+---------------------------------------------------+
Note: In order to hide this table in the UI and the text report file, please set the "Show Parameter Settings in Synthesis Report" option in "Analysis and Synthesis Settings -> More Settings" to "Off".


+------------------------------------------------------------------------+
; Parameter Settings for User Entity Instance: datapath:u00|REG_User:R01 ;
+----------------+-------+-----------------------------------------------+
; Parameter Name ; Value ; Type                                          ;
+----------------+-------+-----------------------------------------------+
; N              ; 64    ; Signed Integer                                ;
+----------------+-------+-----------------------------------------------+
Note: In order to hide this table in the UI and the text report file, please set the "Show Parameter Settings in Synthesis Report" option in "Analysis and Synthesis Settings -> More Settings" to "Off".


+------------------------------------------------------------------------+
; Parameter Settings for User Entity Instance: datapath:u00|REG_FPGA:R02 ;
+----------------+-------+-----------------------------------------------+
; Parameter Name ; Value ; Type                                          ;
+----------------+-------+-----------------------------------------------+
; N              ; 64    ; Signed Integer                                ;
+----------------+-------+-----------------------------------------------+
Note: In order to hide this table in the UI and the text report file, please set the "Show Parameter Settings in Synthesis Report" option in "Analysis and Synthesis Settings -> More Settings" to "Off".


+-------------------------------------------------------------------------+
; Parameter Settings for User Entity Instance: datapath:u00|REG_setup:R03 ;
+----------------+-------+------------------------------------------------+
; Parameter Name ; Value ; Type                                           ;
+----------------+-------+------------------------------------------------+
; N              ; 8     ; Signed Integer                                 ;
+----------------+-------+------------------------------------------------+
Note: In order to hide this table in the UI and the text report file, please set the "Show Parameter Settings in Synthesis Report" option in "Analysis and Synthesis Settings -> More Settings" to "Off".


+--------------------------------------------------------------------------------------------------------------------------------------------------------------------------------+
; Port Connectivity Checks: "datapath:u00|REG_FPGA:R02"                                                                                                                          ;
+---------+--------+----------+--------------------------------------------------------------------------------------------------------------------------------------------------+
; Port    ; Type   ; Severity ; Details                                                                                                                                          ;
+---------+--------+----------+--------------------------------------------------------------------------------------------------------------------------------------------------+
; data    ; Input  ; Warning  ; Input port expression (61 bits) is smaller than the input port (64 bits) it drives.  Extra input bit(s) "data[63..61]" will be connected to GND. ;
; q[3..0] ; Output ; Info     ; Connected to dangling logic. Logic that only feeds a dangling port will be removed.                                                              ;
; q3      ; Output ; Info     ; Explicitly unconnected                                                                                                                           ;
+---------+--------+----------+--------------------------------------------------------------------------------------------------------------------------------------------------+


+-------------------------------------------------------------------------------------------------------------------+
; Port Connectivity Checks: "datapath:u00|REG_User:R01"                                                             ;
+---------+--------+----------+-------------------------------------------------------------------------------------+
; Port    ; Type   ; Severity ; Details                                                                             ;
+---------+--------+----------+-------------------------------------------------------------------------------------+
; q[3..0] ; Output ; Info     ; Connected to dangling logic. Logic that only feeds a dangling port will be removed. ;
+---------+--------+----------+-------------------------------------------------------------------------------------+


+------------------------------------------------------------------------------------------------------------------------------------------------------+
; Port Connectivity Checks: "datapath:u00|mux4x1_4bits:M02"                                                                                            ;
+-------+--------+----------+--------------------------------------------------------------------------------------------------------------------------+
; Port  ; Type   ; Severity ; Details                                                                                                                  ;
+-------+--------+----------+--------------------------------------------------------------------------------------------------------------------------+
; ENT0  ; Input  ; Info     ; Explicitly unconnected                                                                                                   ;
; ENT1  ; Input  ; Info     ; Explicitly unconnected                                                                                                   ;
; ENT2  ; Input  ; Info     ; Explicitly unconnected                                                                                                   ;
; ENT3  ; Input  ; Info     ; Explicitly unconnected                                                                                                   ;
; saida ; Output ; Warning  ; Output or bidir port (4 bits) is wider than the port expression (1 bits) it drives; bit(s) "saida[3..1]" have no fanouts ;
+-------+--------+----------+--------------------------------------------------------------------------------------------------------------------------+


+-----------------------------------------------------------+
; Port Connectivity Checks: "datapath:u00|Counter_FPGA:U03" ;
+----------+--------+----------+----------------------------+
; Port     ; Type   ; Severity ; Details                    ;
+----------+--------+----------+----------------------------+
; end_FPGA ; Output ; Info     ; Explicitly unconnected     ;
; SEQFPGA  ; Output ; Info     ; Explicitly unconnected     ;
+----------+--------+----------+----------------------------+


+------------------------------------------------------------+
; Port Connectivity Checks: "datapath:u00|Counter_round:U01" ;
+-------+--------+----------+--------------------------------+
; Port  ; Type   ; Severity ; Details                        ;
+-------+--------+----------+--------------------------------+
; win   ; Output ; Info     ; Explicitly unconnected         ;
; ROUND ; Output ; Info     ; Explicitly unconnected         ;
+-------+--------+----------+--------------------------------+


+-----------------------------------------------------------+
; Port Connectivity Checks: "datapath:u00|Counter_time:U02" ;
+----------+--------+----------+----------------------------+
; Port     ; Type   ; Severity ; Details                    ;
+----------+--------+----------+----------------------------+
; TEMPO    ; Output ; Info     ; Explicitly unconnected     ;
; end_time ; Output ; Info     ; Explicitly unconnected     ;
+----------+--------+----------+----------------------------+


+-------------------------------------------------------------------------------------------------------------------------------------------------------------------------------------------------------------+
; Port Connectivity Checks: "datapath:u00|mux2x1:Uhex00"                                                                                                                                                      ;
+------+--------+----------+----------------------------------------------------------------------------------------------------------------------------------------------------------------------------------+
; Port ; Type   ; Severity ; Details                                                                                                                                                                          ;
+------+--------+----------+----------------------------------------------------------------------------------------------------------------------------------------------------------------------------------+
; a_i  ; Input  ; Warning  ; Input port expression (7 bits) is wider than the input port (1 bits) it drives.  The 6 most-significant bit(s) in the expression will be dangling if they have no other fanouts. ;
; b_i  ; Input  ; Warning  ; Input port expression (7 bits) is wider than the input port (1 bits) it drives.  The 6 most-significant bit(s) in the expression will be dangling if they have no other fanouts. ;
; d_o  ; Output ; Warning  ; Output or bidir port (1 bits) is smaller than the port expression (7 bits) it drives.  The 6 most-significant bit(s) in the port expression will be connected to GND.            ;
+------+--------+----------+----------------------------------------------------------------------------------------------------------------------------------------------------------------------------------+


+----------------------------------------------------------------------------------------------------------------------------------------------------------------------------------------------------------------+
; Port Connectivity Checks: "datapath:u00|mux2x1:Uhex01"                                                                                                                                                         ;
+---------+--------+----------+----------------------------------------------------------------------------------------------------------------------------------------------------------------------------------+
; Port    ; Type   ; Severity ; Details                                                                                                                                                                          ;
+---------+--------+----------+----------------------------------------------------------------------------------------------------------------------------------------------------------------------------------+
; a_i     ; Input  ; Warning  ; Input port expression (7 bits) is wider than the input port (1 bits) it drives.  The 6 most-significant bit(s) in the expression will be dangling if they have no other fanouts. ;
; b_i     ; Input  ; Warning  ; Input port expression (7 bits) is wider than the input port (1 bits) it drives.  The 6 most-significant bit(s) in the expression will be dangling if they have no other fanouts. ;
; b_i[-1] ; Input  ; Info     ; Stuck at VCC                                                                                                                                                                     ;
; d_o     ; Output ; Warning  ; Output or bidir port (1 bits) is smaller than the port expression (7 bits) it drives.  The 6 most-significant bit(s) in the port expression will be connected to GND.            ;
+---------+--------+----------+----------------------------------------------------------------------------------------------------------------------------------------------------------------------------------+


+-------------------------------------------------------------------------------------------------------------------------------------------------------------------------------------------------------------+
; Port Connectivity Checks: "datapath:u00|mux2x1:Uhex02_1"                                                                                                                                                    ;
+------+--------+----------+----------------------------------------------------------------------------------------------------------------------------------------------------------------------------------+
; Port ; Type   ; Severity ; Details                                                                                                                                                                          ;
+------+--------+----------+----------------------------------------------------------------------------------------------------------------------------------------------------------------------------------+
; a_i  ; Input  ; Warning  ; Input port expression (7 bits) is wider than the input port (1 bits) it drives.  The 6 most-significant bit(s) in the expression will be dangling if they have no other fanouts. ;
; b_i  ; Input  ; Warning  ; Input port expression (7 bits) is wider than the input port (1 bits) it drives.  The 6 most-significant bit(s) in the expression will be dangling if they have no other fanouts. ;
; d_o  ; Output ; Warning  ; Output or bidir port (1 bits) is smaller than the port expression (7 bits) it drives.  The 6 most-significant bit(s) in the port expression will be connected to GND.            ;
+------+--------+----------+----------------------------------------------------------------------------------------------------------------------------------------------------------------------------------+


+-----------------------------------------------------------------------------------------------------------------------+
; Port Connectivity Checks: "datapath:u00|dec7seg:hex2_D2"                                                              ;
+-------------+--------+----------+-------------------------------------------------------------------------------------+
; Port        ; Type   ; Severity ; Details                                                                             ;
+-------------+--------+----------+-------------------------------------------------------------------------------------+
; seg_o[6..1] ; Output ; Info     ; Connected to dangling logic. Logic that only feeds a dangling port will be removed. ;
+-------------+--------+----------+-------------------------------------------------------------------------------------+


+----------------------------------------------------------------------------------------------------------------------------------------------------------------------------------------------------------------+
; Port Connectivity Checks: "datapath:u00|mux2x1:Uhex02"                                                                                                                                                         ;
+---------+--------+----------+----------------------------------------------------------------------------------------------------------------------------------------------------------------------------------+
; Port    ; Type   ; Severity ; Details                                                                                                                                                                          ;
+---------+--------+----------+----------------------------------------------------------------------------------------------------------------------------------------------------------------------------------+
; a_i     ; Input  ; Warning  ; Input port expression (7 bits) is wider than the input port (1 bits) it drives.  The 6 most-significant bit(s) in the expression will be dangling if they have no other fanouts. ;
; a_i[-1] ; Input  ; Info     ; Stuck at VCC                                                                                                                                                                     ;
; b_i     ; Input  ; Warning  ; Input port expression (7 bits) is wider than the input port (1 bits) it drives.  The 6 most-significant bit(s) in the expression will be dangling if they have no other fanouts. ;
; b_i[-1] ; Input  ; Info     ; Stuck at VCC                                                                                                                                                                     ;
; d_o     ; Output ; Warning  ; Output or bidir port (1 bits) is smaller than the port expression (7 bits) it drives.  The 6 most-significant bit(s) in the port expression will be connected to GND.            ;
+---------+--------+----------+----------------------------------------------------------------------------------------------------------------------------------------------------------------------------------+


+----------------------------------------------------------------------------------------------------------------------------------------------------------------------------------------------------------------+
; Port Connectivity Checks: "datapath:u00|mux2x1:Uhex03_1"                                                                                                                                                       ;
+---------+--------+----------+----------------------------------------------------------------------------------------------------------------------------------------------------------------------------------+
; Port    ; Type   ; Severity ; Details                                                                                                                                                                          ;
+---------+--------+----------+----------------------------------------------------------------------------------------------------------------------------------------------------------------------------------+
; a_i     ; Input  ; Warning  ; Input port expression (7 bits) is wider than the input port (1 bits) it drives.  The 6 most-significant bit(s) in the expression will be dangling if they have no other fanouts. ;
; b_i     ; Input  ; Warning  ; Input port expression (7 bits) is wider than the input port (1 bits) it drives.  The 6 most-significant bit(s) in the expression will be dangling if they have no other fanouts. ;
; b_i[-1] ; Input  ; Info     ; Stuck at VCC                                                                                                                                                                     ;
; d_o     ; Output ; Warning  ; Output or bidir port (1 bits) is smaller than the port expression (7 bits) it drives.  The 6 most-significant bit(s) in the port expression will be connected to GND.            ;
+---------+--------+----------+----------------------------------------------------------------------------------------------------------------------------------------------------------------------------------+


+----------------------------------------------------------------------------------------------------------------------------------------------------------------------------------------------------------------+
; Port Connectivity Checks: "datapath:u00|mux2x1:Uhex03"                                                                                                                                                         ;
+---------+--------+----------+----------------------------------------------------------------------------------------------------------------------------------------------------------------------------------+
; Port    ; Type   ; Severity ; Details                                                                                                                                                                          ;
+---------+--------+----------+----------------------------------------------------------------------------------------------------------------------------------------------------------------------------------+
; a_i     ; Input  ; Warning  ; Input port expression (7 bits) is wider than the input port (1 bits) it drives.  The 6 most-significant bit(s) in the expression will be dangling if they have no other fanouts. ;
; a_i[-1] ; Input  ; Info     ; Stuck at VCC                                                                                                                                                                     ;
; b_i     ; Input  ; Warning  ; Input port expression (7 bits) is wider than the input port (1 bits) it drives.  The 6 most-significant bit(s) in the expression will be dangling if they have no other fanouts. ;
; b_i[-1] ; Input  ; Info     ; Stuck at VCC                                                                                                                                                                     ;
; d_o     ; Output ; Warning  ; Output or bidir port (1 bits) is smaller than the port expression (7 bits) it drives.  The 6 most-significant bit(s) in the port expression will be connected to GND.            ;
+---------+--------+----------+----------------------------------------------------------------------------------------------------------------------------------------------------------------------------------+


+-------------------------------------------------------------------------------------------------------------------------------------------------------------------------------------------------------------+
; Port Connectivity Checks: "datapath:u00|mux2x1:Uhex04_1"                                                                                                                                                    ;
+------+--------+----------+----------------------------------------------------------------------------------------------------------------------------------------------------------------------------------+
; Port ; Type   ; Severity ; Details                                                                                                                                                                          ;
+------+--------+----------+----------------------------------------------------------------------------------------------------------------------------------------------------------------------------------+
; a_i  ; Input  ; Warning  ; Input port expression (7 bits) is wider than the input port (1 bits) it drives.  The 6 most-significant bit(s) in the expression will be dangling if they have no other fanouts. ;
; b_i  ; Input  ; Warning  ; Input port expression (7 bits) is wider than the input port (1 bits) it drives.  The 6 most-significant bit(s) in the expression will be dangling if they have no other fanouts. ;
; d_o  ; Output ; Warning  ; Output or bidir port (1 bits) is smaller than the port expression (7 bits) it drives.  The 6 most-significant bit(s) in the port expression will be connected to GND.            ;
+------+--------+----------+----------------------------------------------------------------------------------------------------------------------------------------------------------------------------------+


+-----------------------------------------------------------------------------------------------------------------------+
; Port Connectivity Checks: "datapath:u00|dec7seg:hex4_D4"                                                              ;
+-------------+--------+----------+-------------------------------------------------------------------------------------+
; Port        ; Type   ; Severity ; Details                                                                             ;
+-------------+--------+----------+-------------------------------------------------------------------------------------+
; bcd_i[3..2] ; Input  ; Info     ; Stuck at GND                                                                        ;
; seg_o[6..1] ; Output ; Info     ; Connected to dangling logic. Logic that only feeds a dangling port will be removed. ;
+-------------+--------+----------+-------------------------------------------------------------------------------------+


+----------------------------------------------------------------------------------------------------------------------------------------------------------------------------------------------------------------+
; Port Connectivity Checks: "datapath:u00|mux2x1:Uhex04"                                                                                                                                                         ;
+---------+--------+----------+----------------------------------------------------------------------------------------------------------------------------------------------------------------------------------+
; Port    ; Type   ; Severity ; Details                                                                                                                                                                          ;
+---------+--------+----------+----------------------------------------------------------------------------------------------------------------------------------------------------------------------------------+
; a_i     ; Input  ; Warning  ; Input port expression (7 bits) is wider than the input port (1 bits) it drives.  The 6 most-significant bit(s) in the expression will be dangling if they have no other fanouts. ;
; a_i[-1] ; Input  ; Info     ; Stuck at VCC                                                                                                                                                                     ;
; b_i     ; Input  ; Warning  ; Input port expression (7 bits) is wider than the input port (1 bits) it drives.  The 6 most-significant bit(s) in the expression will be dangling if they have no other fanouts. ;
; b_i[-1] ; Input  ; Info     ; Stuck at VCC                                                                                                                                                                     ;
; d_o     ; Output ; Warning  ; Output or bidir port (1 bits) is smaller than the port expression (7 bits) it drives.  The 6 most-significant bit(s) in the port expression will be connected to GND.            ;
+---------+--------+----------+----------------------------------------------------------------------------------------------------------------------------------------------------------------------------------+


+----------------------------------------------------------------------------------------------------------------------------------------------------------------------------------------------------------------+
; Port Connectivity Checks: "datapath:u00|mux2x1:Uhex05_1"                                                                                                                                                       ;
+---------+--------+----------+----------------------------------------------------------------------------------------------------------------------------------------------------------------------------------+
; Port    ; Type   ; Severity ; Details                                                                                                                                                                          ;
+---------+--------+----------+----------------------------------------------------------------------------------------------------------------------------------------------------------------------------------+
; a_i     ; Input  ; Warning  ; Input port expression (7 bits) is wider than the input port (1 bits) it drives.  The 6 most-significant bit(s) in the expression will be dangling if they have no other fanouts. ;
; b_i     ; Input  ; Warning  ; Input port expression (7 bits) is wider than the input port (1 bits) it drives.  The 6 most-significant bit(s) in the expression will be dangling if they have no other fanouts. ;
; b_i[-1] ; Input  ; Info     ; Stuck at GND                                                                                                                                                                     ;
; d_o     ; Output ; Warning  ; Output or bidir port (1 bits) is smaller than the port expression (7 bits) it drives.  The 6 most-significant bit(s) in the port expression will be connected to GND.            ;
+---------+--------+----------+----------------------------------------------------------------------------------------------------------------------------------------------------------------------------------+


+----------------------------------------------------------------------------------------------------------------------------------------------------------------------------------------------------------------+
; Port Connectivity Checks: "datapath:u00|mux2x1:Uhex05"                                                                                                                                                         ;
+---------+--------+----------+----------------------------------------------------------------------------------------------------------------------------------------------------------------------------------+
; Port    ; Type   ; Severity ; Details                                                                                                                                                                          ;
+---------+--------+----------+----------------------------------------------------------------------------------------------------------------------------------------------------------------------------------+
; a_i     ; Input  ; Warning  ; Input port expression (7 bits) is wider than the input port (1 bits) it drives.  The 6 most-significant bit(s) in the expression will be dangling if they have no other fanouts. ;
; a_i[-1] ; Input  ; Info     ; Stuck at VCC                                                                                                                                                                     ;
; b_i     ; Input  ; Warning  ; Input port expression (7 bits) is wider than the input port (1 bits) it drives.  The 6 most-significant bit(s) in the expression will be dangling if they have no other fanouts. ;
; b_i[-1] ; Input  ; Info     ; Stuck at VCC                                                                                                                                                                     ;
; d_o     ; Output ; Warning  ; Output or bidir port (1 bits) is smaller than the port expression (7 bits) it drives.  The 6 most-significant bit(s) in the port expression will be connected to GND.            ;
+---------+--------+----------+----------------------------------------------------------------------------------------------------------------------------------------------------------------------------------+


+----------------------------------------------------------------------------------------------------------------------------------------+
; Port Connectivity Checks: "datapath:u00"                                                                                               ;
+---------+--------+----------+----------------------------------------------------------------------------------------------------------+
; Port    ; Type   ; Severity ; Details                                                                                                  ;
+---------+--------+----------+----------------------------------------------------------------------------------------------------------+
; SEQFPGA ; Output ; Warning  ; Declared by entity but not connected by instance. Logic that only feeds a dangling port will be removed. ;
+---------+--------+----------+----------------------------------------------------------------------------------------------------------+


+-------------------------------+
; Elapsed Time Per Partition    ;
+----------------+--------------+
; Partition Name ; Elapsed Time ;
+----------------+--------------+
; Top            ; 00:00:00     ;
+----------------+--------------+


+-------------------------------+
; Analysis & Synthesis Messages ;
+-------------------------------+
Info: *******************************************************************
Info: Running Quartus II 64-Bit Analysis & Synthesis
    Info: Version 13.0.1 Build 232 06/12/2013 Service Pack 1 SJ Web Edition
    Info: Processing started: Mon Jul 01 21:06:27 2024
Info: Command: quartus_map --read_settings_files=on --write_settings_files=off genius -c genius
Warning (20028): Parallel compilation is not licensed and has been disabled
Info (12021): Found 1 design units, including 1 entities, in source file /github/hdlgenius/src/top.v
    Info (12023): Found entity 1: top
Info (12021): Found 1 design units, including 1 entities, in source file /github/hdlgenius/src/reg_user.v
    Info (12023): Found entity 1: REG_User
Info (12021): Found 1 design units, including 1 entities, in source file /github/hdlgenius/src/reg_fpga.v
    Info (12023): Found entity 1: REG_FPGA
Info (12021): Found 1 design units, including 1 entities, in source file /github/hdlgenius/src/reg_setup.v
    Info (12023): Found entity 1: REG_setup
Info (12021): Found 1 design units, including 1 entities, in source file /github/hdlgenius/src/datapath.v
    Info (12023): Found entity 1: datapath
Info (12021): Found 1 design units, including 1 entities, in source file /github/hdlgenius/src/controle.v
    Info (12023): Found entity 1: controle
Info (12021): Found 1 design units, including 1 entities, in source file /github/hdlgenius/src/mux2x1.v
    Info (12023): Found entity 1: mux2x1
Info (12021): Found 1 design units, including 1 entities, in source file /github/hdlgenius/src/counter_time.v
    Info (12023): Found entity 1: Counter_time
Info (12021): Found 1 design units, including 1 entities, in source file /github/hdlgenius/src/fsm_clock.v
    Info (12023): Found entity 1: FSM_clock
Info (12021): Found 1 design units, including 1 entities, in source file /github/hdlgenius/src/dec7seg.v
    Info (12023): Found entity 1: dec7seg
Info (12021): Found 1 design units, including 1 entities, in source file /github/hdlgenius/src/counter__round.v
    Info (12023): Found entity 1: Counter_round
Info (12021): Found 1 design units, including 1 entities, in source file /github/hdlgenius/src/counter_fpga.v
    Info (12023): Found entity 1: Counter_FPGA
Info (12021): Found 1 design units, including 1 entities, in source file /github/hdlgenius/src/seq_00.v
    Info (12023): Found entity 1: seq_00
Info (12021): Found 1 design units, including 1 entities, in source file /github/hdlgenius/src/seq_01.v
    Info (12023): Found entity 1: seq_01
Info (12021): Found 1 design units, including 1 entities, in source file /github/hdlgenius/src/seq_02.v
    Info (12023): Found entity 1: seq_02
Info (12021): Found 1 design units, including 1 entities, in source file /github/hdlgenius/src/seq_03.v
    Info (12023): Found entity 1: seq_03
Info (12021): Found 1 design units, including 1 entities, in source file /github/hdlgenius/src/mux4x1_1bit.v
    Info (12023): Found entity 1: mux4x1_1bit
Info (12021): Found 1 design units, including 1 entities, in source file /github/hdlgenius/src/mux4x1_4bits.v
    Info (12023): Found entity 1: mux4x1_4bits
Warning (10236): Verilog HDL Implicit Net warning at top.v(40): created implicit net for "w_sel"
Warning (10236): Verilog HDL Implicit Net warning at datapath.v(249): created implicit net for "w_c05"
Info (12127): Elaborating entity "top" for the top level hierarchy
Warning (10034): Output port "LEDR[5..0]" at top.v(23) has no driver
Info (12128): Elaborating entity "datapath" for hierarchy "datapath:u00"
Warning (10034): Output port "leds" at datapath.v(37) has no driver
Warning (10034): Output port "end_FPGA" at datapath.v(39) has no driver
Warning (10034): Output port "end_User" at datapath.v(39) has no driver
Warning (10034): Output port "end_time" at datapath.v(39) has no driver
Warning (10034): Output port "match" at datapath.v(39) has no driver
Info (12128): Elaborating entity "mux2x1" for hierarchy "datapath:u00|mux2x1:Uhex05"
Info (12128): Elaborating entity "dec7seg" for hierarchy "datapath:u00|dec7seg:hex4_D4"
Info (12128): Elaborating entity "Counter_time" for hierarchy "datapath:u00|Counter_time:U02"
Info (12128): Elaborating entity "Counter_round" for hierarchy "datapath:u00|Counter_round:U01"
Info (12128): Elaborating entity "Counter_FPGA" for hierarchy "datapath:u00|Counter_FPGA:U03"
Warning (10646): Verilog HDL Event Control warning at Counter_FPGA.v(17): posedge or negedge of vector "SEQFPGA" depends solely on its least-significant bit
Warning (10646): Verilog HDL Event Control warning at Counter_FPGA.v(17): posedge or negedge of vector "data" depends solely on its least-significant bit
Warning (10230): Verilog HDL assignment warning at Counter_FPGA.v(29): truncated value with size 4 to match size of target (1)
Warning (10240): Verilog HDL Always Construct warning at Counter_FPGA.v(17): inferring latch(es) for variable "SEQFPGA", which holds its previous value in one or more paths through the always construct
Warning (10240): Verilog HDL Always Construct warning at Counter_FPGA.v(17): inferring latch(es) for variable "end_FPGA", which holds its previous value in one or more paths through the always construct
Info (10041): Inferred latch for "end_FPGA" at Counter_FPGA.v(17)
Info (10041): Inferred latch for "SEQFPGA[0]" at Counter_FPGA.v(17)
Info (10041): Inferred latch for "SEQFPGA[1]" at Counter_FPGA.v(17)
Info (10041): Inferred latch for "SEQFPGA[2]" at Counter_FPGA.v(17)
Info (10041): Inferred latch for "SEQFPGA[3]" at Counter_FPGA.v(17)
Info (12128): Elaborating entity "mux4x1_4bits" for hierarchy "datapath:u00|mux4x1_4bits:M02"
Info (12128): Elaborating entity "REG_User" for hierarchy "datapath:u00|REG_User:R01"
Info (12128): Elaborating entity "REG_FPGA" for hierarchy "datapath:u00|REG_FPGA:R02"
Critical Warning (10237): Verilog HDL warning at REG_FPGA.v(33): can't infer register for assignment in edge-triggered always construct because the clock isn't obvious. Generated combinational logic instead
Warning (10034): Output port "q3" at REG_FPGA.v(16) has no driver
Info (12128): Elaborating entity "REG_setup" for hierarchy "datapath:u00|REG_setup:R03"
Info (12128): Elaborating entity "FSM_clock" for hierarchy "datapath:u00|FSM_clock:fsm_c"
Warning (10230): Verilog HDL assignment warning at FSM_clock.v(27): truncated value with size 32 to match size of target (28)
Warning (10240): Verilog HDL Always Construct warning at FSM_clock.v(18): inferring latch(es) for variable "C025Hz", which holds its previous value in one or more paths through the always construct
Warning (10230): Verilog HDL assignment warning at FSM_clock.v(47): truncated value with size 32 to match size of target (28)
Warning (10240): Verilog HDL Always Construct warning at FSM_clock.v(38): inferring latch(es) for variable "C2Hz", which holds its previous value in one or more paths through the always construct
Warning (10230): Verilog HDL assignment warning at FSM_clock.v(67): truncated value with size 32 to match size of target (28)
Warning (10240): Verilog HDL Always Construct warning at FSM_clock.v(58): inferring latch(es) for variable "C1Hz", which holds its previous value in one or more paths through the always construct
Warning (10230): Verilog HDL assignment warning at FSM_clock.v(87): truncated value with size 32 to match size of target (28)
Warning (10240): Verilog HDL Always Construct warning at FSM_clock.v(78): inferring latch(es) for variable "C05Hz", which holds its previous value in one or more paths through the always construct
Info (10041): Inferred latch for "C05Hz" at FSM_clock.v(78)
Info (10041): Inferred latch for "C1Hz" at FSM_clock.v(58)
Info (10041): Inferred latch for "C2Hz" at FSM_clock.v(38)
Info (10041): Inferred latch for "C025Hz" at FSM_clock.v(18)
Info (12128): Elaborating entity "mux4x1_1bit" for hierarchy "datapath:u00|mux4x1_1bit:M01"
Info (12128): Elaborating entity "controle" for hierarchy "controle:U01"
Warning (12011): Net is missing source, defaulting to GND
    Warning (12110): Net "datapath:u00|w_win" is missing source, defaulting to GND
    Warning (12110): Net "datapath:u00|w_mux2x1_hex5[6]" is missing source, defaulting to GND
    Warning (12110): Net "datapath:u00|w_mux2x1_hex5[5]" is missing source, defaulting to GND
    Warning (12110): Net "datapath:u00|w_mux2x1_hex5[4]" is missing source, defaulting to GND
    Warning (12110): Net "datapath:u00|w_mux2x1_hex5[3]" is missing source, defaulting to GND
    Warning (12110): Net "datapath:u00|w_mux2x1_hex5[2]" is missing source, defaulting to GND
    Warning (12110): Net "datapath:u00|w_mux2x1_hex5[1]" is missing source, defaulting to GND
    Warning (12110): Net "datapath:u00|w_mux2x1_hex4[6]" is missing source, defaulting to GND
    Warning (12110): Net "datapath:u00|w_mux2x1_hex4[5]" is missing source, defaulting to GND
    Warning (12110): Net "datapath:u00|w_mux2x1_hex4[4]" is missing source, defaulting to GND
    Warning (12110): Net "datapath:u00|w_mux2x1_hex4[3]" is missing source, defaulting to GND
    Warning (12110): Net "datapath:u00|w_mux2x1_hex4[2]" is missing source, defaulting to GND
    Warning (12110): Net "datapath:u00|w_mux2x1_hex4[1]" is missing source, defaulting to GND
    Warning (12110): Net "datapath:u00|w_mux2x1_hex3[6]" is missing source, defaulting to GND
    Warning (12110): Net "datapath:u00|w_mux2x1_hex3[5]" is missing source, defaulting to GND
    Warning (12110): Net "datapath:u00|w_mux2x1_hex3[4]" is missing source, defaulting to GND
    Warning (12110): Net "datapath:u00|w_mux2x1_hex3[3]" is missing source, defaulting to GND
    Warning (12110): Net "datapath:u00|w_mux2x1_hex3[2]" is missing source, defaulting to GND
    Warning (12110): Net "datapath:u00|w_mux2x1_hex3[1]" is missing source, defaulting to GND
    Warning (12110): Net "datapath:u00|w_mux2x1_hex2[6]" is missing source, defaulting to GND
    Warning (12110): Net "datapath:u00|w_mux2x1_hex2[5]" is missing source, defaulting to GND
    Warning (12110): Net "datapath:u00|w_mux2x1_hex2[4]" is missing source, defaulting to GND
    Warning (12110): Net "datapath:u00|w_mux2x1_hex2[3]" is missing source, defaulting to GND
    Warning (12110): Net "datapath:u00|w_mux2x1_hex2[2]" is missing source, defaulting to GND
    Warning (12110): Net "datapath:u00|w_mux2x1_hex2[1]" is missing source, defaulting to GND
    Warning (12110): Net "datapath:u00|ROUND[3]" is missing source, defaulting to GND
    Warning (12110): Net "datapath:u00|ROUND[2]" is missing source, defaulting to GND
    Warning (12110): Net "datapath:u00|ROUND[1]" is missing source, defaulting to GND
    Warning (12110): Net "datapath:u00|ROUND[0]" is missing source, defaulting to GND
Warning (12241): 13 hierarchies have connectivity warnings - see the Connectivity Checks report folder
Warning (13024): Output pins are stuck at VCC or GND
    Warning (13410): Pin "LEDR[0]" is stuck at GND
    Warning (13410): Pin "LEDR[1]" is stuck at GND
    Warning (13410): Pin "LEDR[2]" is stuck at GND
    Warning (13410): Pin "LEDR[3]" is stuck at GND
    Warning (13410): Pin "LEDR[4]" is stuck at GND
    Warning (13410): Pin "LEDR[5]" is stuck at GND
    Warning (13410): Pin "LEDR[6]" is stuck at GND
    Warning (13410): Pin "LEDR[7]" is stuck at GND
    Warning (13410): Pin "LEDR[8]" is stuck at GND
    Warning (13410): Pin "LEDR[9]" is stuck at GND
    Warning (13410): Pin "HEX0[0]" is stuck at GND
    Warning (13410): Pin "HEX0[1]" is stuck at GND
    Warning (13410): Pin "HEX0[2]" is stuck at GND
    Warning (13410): Pin "HEX0[3]" is stuck at GND
    Warning (13410): Pin "HEX0[4]" is stuck at GND
    Warning (13410): Pin "HEX0[5]" is stuck at GND
    Warning (13410): Pin "HEX0[6]" is stuck at GND
    Warning (13410): Pin "HEX1[0]" is stuck at VCC
    Warning (13410): Pin "HEX1[1]" is stuck at GND
    Warning (13410): Pin "HEX1[2]" is stuck at GND
    Warning (13410): Pin "HEX1[3]" is stuck at GND
    Warning (13410): Pin "HEX1[4]" is stuck at GND
    Warning (13410): Pin "HEX1[5]" is stuck at GND
    Warning (13410): Pin "HEX1[6]" is stuck at GND
    Warning (13410): Pin "HEX2[0]" is stuck at GND
    Warning (13410): Pin "HEX2[1]" is stuck at GND
    Warning (13410): Pin "HEX2[2]" is stuck at GND
    Warning (13410): Pin "HEX2[3]" is stuck at GND
    Warning (13410): Pin "HEX2[4]" is stuck at GND
    Warning (13410): Pin "HEX2[5]" is stuck at GND
    Warning (13410): Pin "HEX2[6]" is stuck at GND
    Warning (13410): Pin "HEX3[0]" is stuck at VCC
    Warning (13410): Pin "HEX3[1]" is stuck at GND
    Warning (13410): Pin "HEX3[2]" is stuck at GND
    Warning (13410): Pin "HEX3[3]" is stuck at GND
    Warning (13410): Pin "HEX3[4]" is stuck at GND
    Warning (13410): Pin "HEX3[5]" is stuck at GND
    Warning (13410): Pin "HEX3[6]" is stuck at GND
    Warning (13410): Pin "HEX4[1]" is stuck at GND
    Warning (13410): Pin "HEX4[2]" is stuck at GND
    Warning (13410): Pin "HEX4[3]" is stuck at GND
    Warning (13410): Pin "HEX4[4]" is stuck at GND
    Warning (13410): Pin "HEX4[5]" is stuck at GND
    Warning (13410): Pin "HEX4[6]" is stuck at GND
    Warning (13410): Pin "HEX5[0]" is stuck at GND
    Warning (13410): Pin "HEX5[1]" is stuck at GND
    Warning (13410): Pin "HEX5[2]" is stuck at GND
    Warning (13410): Pin "HEX5[3]" is stuck at GND
    Warning (13410): Pin "HEX5[4]" is stuck at GND
    Warning (13410): Pin "HEX5[5]" is stuck at GND
    Warning (13410): Pin "HEX5[6]" is stuck at GND
Info (286030): Timing-Driven Synthesis is running
Info (17049): 7 registers lost all their fanouts during netlist optimizations.
Info (144001): Generated suppressed messages file C:/GitHub/HDLGenius/prj/output_files/genius.map.smsg
Info (16010): Generating hard_block partition "hard_block:auto_generated_inst"
    Info (16011): Adding 0 node(s), including 0 DDIO, 0 PLL, 0 transceiver and 0 LCELL
Warning (21074): Design contains 10 input pin(s) that do not drive logic
    Warning (15610): No output dependent on input pin "KEY[0]"
    Warning (15610): No output dependent on input pin "KEY[1]"
    Warning (15610): No output dependent on input pin "KEY[2]"
    Warning (15610): No output dependent on input pin "KEY[3]"
    Warning (15610): No output dependent on input pin "SW[2]"
    Warning (15610): No output dependent on input pin "SW[3]"
    Warning (15610): No output dependent on input pin "SW[4]"
    Warning (15610): No output dependent on input pin "SW[5]"
    Warning (15610): No output dependent on input pin "SW[6]"
    Warning (15610): No output dependent on input pin "SW[7]"
Info (21057): Implemented 72 device resources after synthesis - the final resource count might be different
    Info (21058): Implemented 15 input pins
    Info (21059): Implemented 52 output pins
    Info (21061): Implemented 5 logic cells
Info: Quartus II 64-Bit Analysis & Synthesis was successful. 0 errors, 118 warnings
    Info: Peak virtual memory: 4588 megabytes
    Info: Processing ended: Mon Jul 01 21:06:29 2024
    Info: Elapsed time: 00:00:02
    Info: Total CPU time (on all processors): 00:00:01


+------------------------------------------+
; Analysis & Synthesis Suppressed Messages ;
+------------------------------------------+
The suppressed messages can be found in C:/GitHub/HDLGenius/prj/output_files/genius.map.smsg.


